# Pairs in trunk:
en-gl
eo-fr
crh-tur
hbs-slv
swe-dan
br-fr
oc-ca
sme-nob
eo-ca
eu-es
srd-ita
spa-ita
eo-es
rus-ukr
pt-ca
dan-nor
oc-es
bel-rus
isl-eng
hbs-eng
pt-gl
cat-srd
es-ro
spa-arg
swe-nor
hbs-mkd
fr-es
eo-en
eng-kaz
kaz-tat
eu-en
fra-cat
arg-cat
mlt-ara
urd-hin
nno-nob
spa-cat
kaz-rus
es-gl
es-pt
mkd-bul
mkd-eng
isl-swe
spa-ast
afr-nld
cym-eng
eng-cat
ind-zlm
cat-ita
pol-szl
eng-spa
ron-cat

